[2026-06-01 23:16:30,987][__main__][INFO] - Used config: n_samples_to_attack: 2000
data_split_to_attack: test
save_attack_artifacts: true
perform_training: false
perform_training_grid_search_hparams: false
perform_attack: true
transfer:
  surrogate_model: null
  target_models: []
data:
  name: amlworld_hi
  params:
    dataset_name: ${data.name}
    data_file_path: ${data.paths.data_file_path}
    metadata_file_path: ${data.paths.metadata_file_path}
    encoding_method: one_hot_encoding
    random_seed: 42
    train_proportion: 0.8
  paths:
    data_dir_path: data/amlworld/raw-data
    data_file_path: ${data.paths.data_dir_path}/HI-Small_Trans.csv
    metadata_file_path: ${data.paths.data_dir_path}/amlworld.metadata.csv
ml_model:
  model_type: mlp
  model_artifact_path: trained-models/amlworld_hi-mlp-smote.ckpt
  perform_training: ${perform_training}
  perform_grid_search_hparams: ${perform_training_grid_search_hparams}
  default_hparams:
    n_layers: 3
    hidden_dim: 128
    lr: 0.001
    weight_decay: 1.0e-05
attack:
  attack_name: cafa
  random_init: true
  random_seed: null
  max_iter: 250
  max_iter_tabpgd: 100
  eps: 0.03333333333333333
  step_size: 0.0003333333333333333
  perturb_categorical_each_steps: 10

[2026-06-01 23:16:44,462][src.models.utils][INFO] - Loading model from trained-models/amlworld_hi-mlp-smote.ckpt
[2026-06-01 23:16:44,809][art.estimators.classification.pytorch][INFO] - Inferred 1 hidden layers on PyTorch classifier.
[2026-06-01 23:16:50,300][__main__][INFO] - Imbalanced dataset: attacking 885 correctly-classified fraud samples.
[2026-06-01 23:16:52,771][__main__][INFO] - before-attack: {'is_misclassified_rate': 0.0, 'confusion_matrix': {'TP': 885, 'FP': 0, 'FN': 0, 'TN': 0}, 'fnr': 0.0, 'recall_fraud': 1.0, 'l0_costs_mean': 0.0, 'l0_costs_on_mis_mean': 0.0, 'stand_linf_costs_mean': 0.0, 'stand_linf_costs_on_mis_mean': 0.0}
[2026-06-01 23:16:52,772][__main__][INFO] - Executing CaFA attack.
[2026-06-01 23:20:25,977][__main__][INFO] - after-cafa: {'is_misclassified_rate': 0.9875706214689266, 'confusion_matrix': {'TP': 11, 'FP': 0, 'FN': 874, 'TN': 0}, 'fnr': 0.9875706214689266, 'recall_fraud': 0.012429378531073447, 'l0_costs_mean': 4.665536723163842, 'l0_costs_on_mis_mean': 4.724256292906179, 'stand_linf_costs_mean': 0.023892016473970493, 'stand_linf_costs_on_mis_mean': 0.02419271691014175}
[2026-06-01 23:20:25,977][__main__][INFO] - Evaluations: {'before-attack': {'is_misclassified_rate': 0.0, 'confusion_matrix': {'TP': 885, 'FP': 0, 'FN': 0, 'TN': 0}, 'fnr': 0.0, 'recall_fraud': 1.0, 'l0_costs_mean': 0.0, 'l0_costs_on_mis_mean': 0.0, 'stand_linf_costs_mean': 0.0, 'stand_linf_costs_on_mis_mean': 0.0}, 'after-cafa': {'is_misclassified_rate': 0.9875706214689266, 'confusion_matrix': {'TP': 11, 'FP': 0, 'FN': 874, 'TN': 0}, 'fnr': 0.9875706214689266, 'recall_fraud': 0.012429378531073447, 'l0_costs_mean': 4.665536723163842, 'l0_costs_on_mis_mean': 4.724256292906179, 'stand_linf_costs_mean': 0.023892016473970493, 'stand_linf_costs_on_mis_mean': 0.02419271691014175, 'delta_fnr': 0.9875706214689266}}
[2026-06-01 23:20:25,978][__main__][INFO] - Finished run. results saved in /home/omar/Desktop/TESIS1/adversarial-attack-cafa/outputs/amlworld_hi_smote/cafa_mlp
